---
source: src/tests.rs
assertion_line: 75
expression: struct_type
---
Struct(
    Struct {
        name: "Hello",
        fields: Named(
            [],
        ),
    },
)
