---
source: src/tests.rs
assertion_line: 139
expression: struct_type_crate
---
Struct(
    Struct {
        attributes: [],
        vis_marker: Some(
            crate,
        ),
        _struct: Ident(
            struct,
        ),
        name: Ident(
            Hello,
        ),
        generic_params: None,
        where_clause: None,
        fields: Tuple(
            [
                TupleField {
                    attributes: [],
                    vis_marker: None,
                    ty: [
                        A,
                    ],
                },
                TupleField {
                    attributes: [],
                    vis_marker: None,
                    ty: [
                        B,
                    ],
                },
            ],
        ),
        _semicolon: Some(
            Punct {
                char: ';',
                spacing: Alone,
            },
        ),
    },
)
