---
source: src/tests.rs
assertion_line: 80
expression: enum_type
---
Enum(
    Enum {
        attributes: [],
        vis_marker: None,
        name: "Hello",
        generic_params: None,
        where_clauses: None,
        variants: [],
    },
)
