---
source: src/tests.rs
expression: generic_args
---
None
