---
source: src/tests.rs
assertion_line: 401
expression: struct_type
---
Struct(
    Struct {
        attributes: [],
        vis_marker: None,
        _struct: Ident(
            struct,
        ),
        name: Ident(
            Hello,
        ),
        generic_params: None,
        where_clause: Some(
            [],
        ),
        fields: Named(
            [
                NamedField {
                    attributes: [],
                    vis_marker: None,
                    name: Ident(
                        a,
                    ),
                    _colon: Punct {
                        char: ':',
                        spacing: Alone,
                    },
                    ty: [
                        A,
                    ],
                },
                NamedField {
                    attributes: [],
                    vis_marker: None,
                    name: Ident(
                        b,
                    ),
                    _colon: Punct {
                        char: ':',
                        spacing: Alone,
                    },
                    ty: [
                        B,
                    ],
                },
            ],
        ),
        _semicolon: None,
    },
)
