---
source: src/tests.rs
assertion_line: 599
expression: expressions
---
[]
