---
source: src/tests.rs
assertion_line: 563
expression: func
---
Function(
    Function {
        attributes: [],
        vis_marker: Some(
            pub,
        ),
        qualifiers: FunctionQualifiers {
            tk_default: Some(
                Ident(
                    default,
                ),
            ),
            tk_const: None,
            tk_async: None,
            tk_unsafe: None,
            tk_extern: None,
            extern_abi: None,
        },
        name: Ident(
            default_fn,
        ),
        generic_params: None,
        params: [
            FunctionParameter {
                attributes: [],
                name: Ident(
                    b,
                ),
                ty: [
                    f32,
                ],
            },
        ],
        where_clauses: None,
        return_ty: None,
        body: Some(
            Group {
                delimiter: Brace,
                stream: TokenStream [],
            },
        ),
    },
)
