---
source: src/tests.rs
assertion_line: 230
expression: struct_type
---
Struct(
    Struct {
        attributes: [
            #[
                hello,
            ],
        ],
        vis_marker: Some(
            pub,
        ),
        name: Ident(
            Hello,
        ),
        generic_params: None,
        where_clauses: None,
        fields: Unit,
        _semicolon: Some(
            Punct {
                char: ';',
                spacing: Alone,
            },
        ),
    },
)
