---
source: src/tests.rs
assertion_line: 398
expression: struct_type
---
Struct(
    Struct {
        attributes: [],
        vis_marker: None,
        _struct: Ident(
            struct,
        ),
        name: Ident(
            Hello,
        ),
        generic_params: Some(
            [
                GenericParam {
                    name: "X",
                    bound: None,
                },
                GenericParam {
                    name: "Y",
                    bound: Some(
                        [
                            Z,
                            "<",
                            A,
                            ">",
                        ],
                    ),
                },
                GenericParam {
                    name: "Z",
                    bound: None,
                },
            ],
        ),
        where_clauses: None,
        fields: Named(
            [
                NamedField {
                    attributes: [],
                    vis_marker: None,
                    name: Ident(
                        a,
                    ),
                    _colon: Punct {
                        char: ':',
                        spacing: Alone,
                    },
                    ty: [
                        A,
                    ],
                },
                NamedField {
                    attributes: [],
                    vis_marker: None,
                    name: Ident(
                        b,
                    ),
                    _colon: Punct {
                        char: ':',
                        spacing: Alone,
                    },
                    ty: [
                        B,
                        "<",
                        X,
                        ",",
                        Y,
                        ",",
                        Z,
                        ">",
                    ],
                },
            ],
        ),
        _semicolon: None,
    },
)
