---
source: src/tests.rs
assertion_line: 473
expression: func
---
Function(
    Function {
        attributes: [],
        vis_marker: None,
        qualifiers: FunctionQualifiers {
            is_default: false,
            is_const: false,
            is_async: false,
            is_unsafe: false,
            is_extern: false,
            extern_abi: None,
        },
        name: Ident(
            hello,
        ),
        generic_params: None,
        params: [
            FunctionParameter {
                attributes: [],
                name: Ident(
                    a,
                ),
                ty: [
                    "i32",
                ],
            },
            FunctionParameter {
                attributes: [],
                name: Ident(
                    b,
                ),
                ty: [
                    "f32",
                ],
            },
        ],
        where_clauses: None,
        return_ty: Some(
            [
                "String",
            ],
        ),
    },
)
