---
source: src/tests.rs
assertion_line: 252
expression: struct_type
---
Struct(
    Struct {
        attributes: [
            #[
                hello,
            ],
        ],
        vis_marker: Some(
            pub,
        ),
        _struct: Ident(
            struct,
        ),
        name: Ident(
            Hello,
        ),
        generic_params: None,
        where_clauses: None,
        fields: Named(
            [
                NamedField {
                    attributes: [],
                    vis_marker: None,
                    name: Ident(
                        a,
                    ),
                    _colon: Punct {
                        char: ':',
                        spacing: Alone,
                    },
                    ty: [
                        A,
                    ],
                },
                NamedField {
                    attributes: [],
                    vis_marker: None,
                    name: Ident(
                        b,
                    ),
                    _colon: Punct {
                        char: ':',
                        spacing: Alone,
                    },
                    ty: [
                        B,
                    ],
                },
            ],
        ),
        _semicolon: None,
    },
)
