---
source: src/tests.rs
assertion_line: 335
expression: struct_type
---
Struct(
    Struct {
        attributes: [],
        vis_marker: None,
        name: Ident(
            Hello,
        ),
        generic_params: None,
        where_clauses: Some(
            [
                where,
                A,
                ":",
                B,
                ",",
                C,
                "<",
                D,
                ">",
                ":",
                E,
                "<",
                F,
                ">",
                ",",
            ],
        ),
        fields: Named(
            [
                NamedField {
                    attributes: [],
                    vis_marker: None,
                    name: Ident(
                        a,
                    ),
                    ty: [
                        A,
                    ],
                },
                NamedField {
                    attributes: [],
                    vis_marker: None,
                    name: Ident(
                        b,
                    ),
                    ty: [
                        B,
                    ],
                },
            ],
        ),
    },
)
