---
source: src/tests.rs
assertion_line: 37
expression: struct_type
---
Struct(
    Struct {
        name: "Hello",
        fields: Named(
            [
                NamedField {
                    attributes: [],
                    name: "a",
                    ty: [
                        "A",
                    ],
                },
                NamedField {
                    attributes: [],
                    name: "b",
                    ty: [
                        "B",
                    ],
                },
            ],
        ),
    },
)
