---
source: src/tests.rs
assertion_line: 606
expression: expressions
---
[
    [
        1,
        "+",
        2,
    ],
    [
        3,
    ],
]
