---
source: src/tests.rs
assertion_line: 404
expression: enum_type
---
Enum(
    Enum {
        name: "Hello",
        variants: [
            EnumVariant {
                attributes: [],
                name: "A",
                contents: Unit,
            },
            EnumVariant {
                attributes: [],
                name: "B",
                contents: Tuple(
                    [
                        TupleField {
                            attributes: [],
                            ty: [
                                "Foo",
                            ],
                        },
                        TupleField {
                            attributes: [],
                            ty: [
                                "Bar",
                                "<",
                                ">",
                            ],
                        },
                    ],
                ),
            },
            EnumVariant {
                attributes: [],
                name: "C",
                contents: Named(
                    [
                        NamedField {
                            attributes: [],
                            name: "foo",
                            ty: [
                                "Foo",
                                "<",
                                ">",
                            ],
                        },
                        NamedField {
                            attributes: [],
                            name: "bar",
                            ty: [
                                "Bar",
                            ],
                        },
                    ],
                ),
            },
        ],
    },
)
