---
source: src/tests.rs
assertion_line: 239
expression: struct_type
---
Struct(
    Struct {
        attributes: [
            #[
                hello,
            ],
        ],
        vis_marker: Some(
            pub,
        ),
        _struct: Ident(
            struct,
        ),
        name: Ident(
            Hello,
        ),
        generic_params: None,
        where_clauses: None,
        fields: Tuple(
            [
                TupleField {
                    attributes: [],
                    vis_marker: None,
                    ty: [
                        A,
                    ],
                },
                TupleField {
                    attributes: [],
                    vis_marker: None,
                    ty: [
                        B,
                    ],
                },
            ],
        ),
        _semicolon: Some(
            Punct {
                char: ';',
                spacing: Alone,
            },
        ),
    },
)
